
> frontend@0.1.0 build
> next build

   Ôû▓ Next.js 15.3.3
   - Environments: .env.local

   Creating an optimized production build ...
> [PWA] Compile server
> [PWA] Compile server
> [PWA] Compile client (static)
> [PWA] Auto register service worker with: C:\Users\User\Desktop\Virtud\frontend\node_modules\next-pwa\register.js
> [PWA] Service worker: C:\Users\User\Desktop\Virtud\frontend\public\sw.js
> [PWA]   url: /sw.js
> [PWA]   scope: /
node.exe : Failed to 
compile.
En C:\Program 
Files\nodejs\npm.ps1: 
29 Carácter: 3
+   & $NODE_EXE 
$NPM_CLI_JS $args
+   ~~~~~~~~~~~~~~~~~~
~~~~~~~~~~~
    + CategoryInfo    
          : NotSpeci  
  fied: (Failed to    
 compile.:String)     
[], RemoteExcepti    
on
    + FullyQualifiedE 
   rrorId : NativeCo  
  mmandError
 

./src/components/Clien
tProviders.tsx
Module not found: 
Can't resolve 
'@/services/analytics'

https://nextjs.org/doc
s/messages/module-not-
found

./src/lib/supabase/ser
ver.ts
Error:   [31mx[0m 
You're importing a 
component that needs 
"next/headers". That 
only works in a 
Server Component 
which is not 
supported in the 
pages/ directory. 
Read more: https://nex
tjs.org/docs/app/build
ing-your-application/r
endering/server-compon
ents
  [31m|[0m

   ,-[[36;1;4mC:\User
s\User\Desktop\Virtud\
frontend\src\lib\supab
ase\server.ts[0m:2:1]
 [2m1[0m | import { 
createServerClient, 
type CookieOptions } 
from '@supabase/ssr';
 [2m2[0m | import { 
cookies } from 
'next/headers';
   : [35;1m^^^^^^^^^^
^^^^^^^^^^^^^^^^^^^^^^
^^^^^^^[0m
 [2m3[0m | import { 
Database } from 
'@/types/supabase';
 [2m4[0m | 
 [2m4[0m | export 
async function 
createClient() {
   `----

Import trace for 
requested module:
./src/lib/supabase/ser
ver.ts
./src/services/gym-equ
ipment.service.ts
./src/app/(dashboard)/
admin/equipment/page.t
sx


> Build failed 
because of webpack 
errors
